C:\Users\Usuario\Desktop\ESCRITORIO\Facultad\Tesis\Proyecto_Casco_EEG\eeg-headset-project\firmware\lpc845breakout_led_blinky_lpc\CMSIS/core_cm0plus.h:866:22:__NVIC_SetPriority	24	static
C:\Users\Usuario\Desktop\ESCRITORIO\Facultad\Tesis\Proyecto_Casco_EEG\eeg-headset-project\firmware\lpc845breakout_led_blinky_lpc\CMSIS/core_cm0plus.h:1074:26:SysTick_Config	16	static
C:\Users\Usuario\Desktop\ESCRITORIO\Facultad\Tesis\Proyecto_Casco_EEG\eeg-headset-project\firmware\lpc845breakout_led_blinky_lpc\drivers/fsl_gpio.h:210:20:GPIO_PortToggle	24	static
../source/led_blinky.c:27:6:SysTick_Handler	8	static
../source/led_blinky.c:35:6:SysTick_DelayTicks	16	static
../source/led_blinky.c:46:5:main	8	static
