C:\Users\Usuario\Desktop\ESCRITORIO\Facultad\Tesis\Proyecto_Casco_EEG\eeg-headset-project\firmware\lpc845breakout_spi_interrupt_slave\CMSIS/core_cm0plus.h:757:22:__NVIC_EnableIRQ	16	static
C:\Users\Usuario\Desktop\ESCRITORIO\Facultad\Tesis\Proyecto_Casco_EEG\eeg-headset-project\firmware\lpc845breakout_spi_interrupt_slave\drivers/fsl_common_arm.h:667:24:EnableIRQ	24	static
C:\Users\Usuario\Desktop\ESCRITORIO\Facultad\Tesis\Proyecto_Casco_EEG\eeg-headset-project\firmware\lpc845breakout_spi_interrupt_slave\drivers/fsl_spi.h:396:24:SPI_GetStatusFlags	16	static
C:\Users\Usuario\Desktop\ESCRITORIO\Facultad\Tesis\Proyecto_Casco_EEG\eeg-headset-project\firmware\lpc845breakout_spi_interrupt_slave\drivers/fsl_spi.h:428:20:SPI_EnableInterrupts	16	static
C:\Users\Usuario\Desktop\ESCRITORIO\Facultad\Tesis\Proyecto_Casco_EEG\eeg-headset-project\firmware\lpc845breakout_spi_interrupt_slave\drivers/fsl_spi.h:442:20:SPI_DisableInterrupts	16	static
C:\Users\Usuario\Desktop\ESCRITORIO\Facultad\Tesis\Proyecto_Casco_EEG\eeg-headset-project\firmware\lpc845breakout_spi_interrupt_slave\drivers/fsl_spi.h:479:20:SPI_WriteData	16	static
C:\Users\Usuario\Desktop\ESCRITORIO\Facultad\Tesis\Proyecto_Casco_EEG\eeg-headset-project\firmware\lpc845breakout_spi_interrupt_slave\drivers/fsl_spi.h:511:24:SPI_ReadData	16	static
../source/spi_interrupt_slave.c:38:6:SPI0_IRQHandler	8	static
../source/spi_interrupt_slave.c:58:5:main	8	static
../source/spi_interrupt_slave.c:83:13:EXAMPLE_SlaveInit	16	static
../source/spi_interrupt_slave.c:99:13:EXAMPLE_SlaveStartTransfer	16	static
../source/spi_interrupt_slave.c:117:13:EXAMPLE_TransferDataCheck	16	static
