C:\Users\Usuario\Desktop\ESCRITORIO\Facultad\Tesis\Proyecto_Casco_EEG\eeg-headset-project\firmware\lpc845breakout_lpc_gpio_led_output\CMSIS/core_cm0plus.h:866:22:__NVIC_SetPriority	24	static
C:\Users\Usuario\Desktop\ESCRITORIO\Facultad\Tesis\Proyecto_Casco_EEG\eeg-headset-project\firmware\lpc845breakout_lpc_gpio_led_output\CMSIS/core_cm0plus.h:1074:26:SysTick_Config	16	static
C:\Users\Usuario\Desktop\ESCRITORIO\Facultad\Tesis\Proyecto_Casco_EEG\eeg-headset-project\firmware\lpc845breakout_lpc_gpio_led_output\drivers/fsl_gpio.h:153:20:GPIO_PinWrite	24	static
C:\Users\Usuario\Desktop\ESCRITORIO\Facultad\Tesis\Proyecto_Casco_EEG\eeg-headset-project\firmware\lpc845breakout_lpc_gpio_led_output\drivers/fsl_gpio.h:210:20:GPIO_PortToggle	24	static
C:\Users\Usuario\Desktop\ESCRITORIO\Facultad\Tesis\Proyecto_Casco_EEG\eeg-headset-project\firmware\lpc845breakout_lpc_gpio_led_output\drivers/fsl_gpio.h:223:24:GPIO_PortRead	16	static
C:\Users\Usuario\Desktop\ESCRITORIO\Facultad\Tesis\Proyecto_Casco_EEG\eeg-headset-project\firmware\lpc845breakout_lpc_gpio_led_output\drivers/fsl_gpio.h:239:20:GPIO_PortMaskedSet	24	static
C:\Users\Usuario\Desktop\ESCRITORIO\Facultad\Tesis\Proyecto_Casco_EEG\eeg-headset-project\firmware\lpc845breakout_lpc_gpio_led_output\drivers/fsl_gpio.h:251:20:GPIO_PortMaskedWrite	24	static
C:\Users\Usuario\Desktop\ESCRITORIO\Facultad\Tesis\Proyecto_Casco_EEG\eeg-headset-project\firmware\lpc845breakout_lpc_gpio_led_output\drivers/fsl_gpio.h:264:24:GPIO_PortMaskedRead	16	static
../source/gpio_led_output.c:37:6:SysTick_Handler	8	static
../source/gpio_led_output.c:45:6:SysTick_DelayTicks	16	static
../source/gpio_led_output.c:56:5:main	16	static
